[    0.000000] Initializing cgroup subsys cpuset
[    0.000000] Initializing cgroup subsys cpu
[    0.000000] Initializing cgroup subsys cpuacct
[    0.000000] Linux version 4.4.0-154-generic (buildd@lgw01-amd64-049) (gcc version 5.4.0 20160609 (Ubuntu 5.4.0-6ubuntu1~16.04.10) ) #181-Ubuntu SMP Tue Jun 25 05:29:03 UTC 2019 (Ubuntu 4.4.0-154.181-generic 4.4.179)
[    0.000000] Command line: BOOT_IMAGE=/boot/vmlinuz-4.4.0-154-generic root=LABEL=cloudimg-rootfs ro console=tty1 console=ttyS0
[    0.000000] KERNEL supported cpus:
[    0.000000]   Intel GenuineIntel
[    0.000000]   AMD AuthenticAMD
[    0.000000]   Centaur CentaurHauls
[    0.000000] x86/fpu: xstate_offset[2]:  576, xstate_sizes[2]:  256
[    0.000000] x86/fpu: Supporting XSAVE feature 0x01: 'x87 floating point registers'
[    0.000000] x86/fpu: Supporting XSAVE feature 0x02: 'SSE registers'
[    0.000000] x86/fpu: Supporting XSAVE feature 0x04: 'AVX registers'
[    0.000000] x86/fpu: Enabled xstate features 0x7, context size is 832 bytes, using 'standard' format.
[    0.000000] e820: BIOS-provided physical RAM map:
[    0.000000] BIOS-e820: [mem 0x0000000000000000-0x000000000009fbff] usable
[    0.000000] BIOS-e820: [mem 0x000000000009fc00-0x000000000009ffff] reserved
[    0.000000] BIOS-e820: [mem 0x00000000000f0000-0x00000000000fffff] reserved
[    0.000000] BIOS-e820: [mem 0x0000000000100000-0x000000003ffeffff] usable
[    0.000000] BIOS-e820: [mem 0x000000003fff0000-0x000000003fffffff] ACPI data
[    0.000000] BIOS-e820: [mem 0x00000000fec00000-0x00000000fec00fff] reserved
[    0.000000] BIOS-e820: [mem 0x00000000fee00000-0x00000000fee00fff] reserved
[    0.000000] BIOS-e820: [mem 0x00000000fffc0000-0x00000000ffffffff] reserved
[    0.000000] NX (Execute Disable) protection: active
[    0.000000] SMBIOS 2.5 present.
[    0.000000] Hypervisor detected: KVM
[    0.000000] e820: last_pfn = 0x3fff0 max_arch_pfn = 0x400000000
[    0.000000] MTRR: Disabled
[    0.000000] x86/PAT: MTRRs disabled, skipping PAT initialization too.
[    0.000000] CPU MTRRs all blank - virtualized system.
[    0.000000] x86/PAT: Configuration [0-7]: WB  WT  UC- UC  WB  WT  UC- UC  
[    0.000000] found SMP MP-table at [mem 0x0009fff0-0x0009ffff] mapped at [ffff88000009fff0]
[    0.000000] Scanning 1 areas for low memory corruption
[    0.000000] RAMDISK: [mem 0x362fc000-0x37175fff]
[    0.000000] ACPI: Early table checksum verification disabled
[    0.000000] ACPI: RSDP 0x00000000000E0000 000024 (v02 VBOX  )
[    0.000000] ACPI: XSDT 0x000000003FFF0030 00003C (v01 VBOX   VBOXXSDT 00000001 ASL  00000061)
[    0.000000] ACPI: FACP 0x000000003FFF00F0 0000F4 (v04 VBOX   VBOXFACP 00000001 ASL  00000061)
[    0.000000] ACPI: DSDT 0x000000003FFF0470 0022EA (v02 VBOX   VBOXBIOS 00000002 INTL 20180105)
[    0.000000] ACPI: FACS 0x000000003FFF0200 000040
[    0.000000] ACPI: FACS 0x000000003FFF0200 000040
[    0.000000] ACPI: APIC 0x000000003FFF0240 00005C (v02 VBOX   VBOXAPIC 00000001 ASL  00000061)
[    0.000000] ACPI: SSDT 0x000000003FFF02A0 0001CC (v01 VBOX   VBOXCPUT 00000002 INTL 20180105)
[    0.000000] No NUMA configuration found
[    0.000000] Faking a node at [mem 0x0000000000000000-0x000000003ffeffff]
[    0.000000] NODE_DATA(0) allocated [mem 0x3ffeb000-0x3ffeffff]
[    0.000000] kvm-clock: Using msrs 4b564d01 and 4b564d00
[    0.000000] kvm-clock: cpu 0, msr 0:3ffe3001, primary cpu clock
[    0.000000] kvm-clock: using sched offset of 3570607412 cycles
[    0.000000] clocksource: kvm-clock: mask: 0xffffffffffffffff max_cycles: 0x1cd42e4dffb, max_idle_ns: 881590591483 ns
[    0.000000] Zone ranges:
[    0.000000]   DMA      [mem 0x0000000000001000-0x0000000000ffffff]
[    0.000000]   DMA32    [mem 0x0000000001000000-0x000000003ffeffff]
[    0.000000]   Normal   empty
[    0.000000]   Device   empty
[    0.000000] Movable zone start for each node
[    0.000000] Early memory node ranges
[    0.000000]   node   0: [mem 0x0000000000001000-0x000000000009efff]
[    0.000000]   node   0: [mem 0x0000000000100000-0x000000003ffeffff]
[    0.000000] Initmem setup node 0 [mem 0x0000000000001000-0x000000003ffeffff]
[    0.000000] ACPI: PM-Timer IO Port: 0x4008
[    0.000000] IOAPIC[0]: apic_id 2, version 32, address 0xfec00000, GSI 0-23
[    0.000000] ACPI: INT_SRC_OVR (bus 0 bus_irq 0 global_irq 2 dfl dfl)
[    0.000000] ACPI: INT_SRC_OVR (bus 0 bus_irq 9 global_irq 9 low level)
[    0.000000] Using ACPI (MADT) for SMP configuration information
[    0.000000] smpboot: Allowing 2 CPUs, 0 hotplug CPUs
[    0.000000] PM: Registered nosave memory: [mem 0x00000000-0x00000fff]
[    0.000000] PM: Registered nosave memory: [mem 0x0009f000-0x0009ffff]
[    0.000000] PM: Registered nosave memory: [mem 0x000a0000-0x000effff]
[    0.000000] PM: Registered nosave memory: [mem 0x000f0000-0x000fffff]
[    0.000000] e820: [mem 0x40000000-0xfebfffff] available for PCI devices
[    0.000000] Booting paravirtualized kernel on KVM
[    0.000000] clocksource: refined-jiffies: mask: 0xffffffff max_cycles: 0xffffffff, max_idle_ns: 7645519600211568 ns
[    0.000000] setup_percpu: NR_CPUS:512 nr_cpumask_bits:512 nr_cpu_ids:2 nr_node_ids:1
[    0.000000] PERCPU: Embedded 34 pages/cpu @ffff88003fc00000 s99480 r8192 d31592 u1048576
[    0.000000] Built 1 zonelists in Node order, mobility grouping on.  Total pages: 257912
[    0.000000] Policy zone: DMA32
[    0.000000] Kernel command line: BOOT_IMAGE=/boot/vmlinuz-4.4.0-154-generic root=LABEL=cloudimg-rootfs ro console=tty1 console=ttyS0
[    0.000000] PID hash table entries: 4096 (order: 3, 32768 bytes)
[    0.000000] Memory: 997736K/1048120K available (8613K kernel code, 1335K rwdata, 4028K rodata, 1484K init, 1284K bss, 50384K reserved, 0K cma-reserved)
[    0.000000] SLUB: HWalign=64, Order=0-3, MinObjects=0, CPUs=2, Nodes=1
[    0.000000] Kernel/User page tables isolation: enabled
[    0.000000] Hierarchical RCU implementation.
[    0.000000] 	Build-time adjustment of leaf fanout to 64.
[    0.000000] 	RCU restricting CPUs from NR_CPUS=512 to nr_cpu_ids=2.
[    0.000000] RCU: Adjusting geometry for rcu_fanout_leaf=64, nr_cpu_ids=2
[    0.000000] NR_IRQS:33024 nr_irqs:440 16
[    0.000000] Console: colour VGA+ 80x25
[    0.000000] console [tty1] enabled
[    0.000000] console [ttyS0] enabled
[    0.000000] tsc: Detected 2904.000 MHz processor
[    0.116598] Calibrating delay loop (skipped) preset value.. 5808.00 BogoMIPS (lpj=11616000)
[    0.118105] pid_max: default: 32768 minimum: 301
[    0.118915] ACPI: Core revision 20150930
[    0.120368] ACPI: 2 ACPI AML tables successfully acquired and loaded
[    0.121541] Security Framework initialized
[    0.122277] Yama: becoming mindful.
[    0.122942] AppArmor: AppArmor initialized
[    0.123758] Dentry cache hash table entries: 131072 (order: 8, 1048576 bytes)
[    0.125476] Inode-cache hash table entries: 65536 (order: 7, 524288 bytes)
[    0.126651] Mount-cache hash table entries: 2048 (order: 2, 16384 bytes)
[    0.127758] Mountpoint-cache hash table entries: 2048 (order: 2, 16384 bytes)
[    0.129070] Initializing cgroup subsys io
[    0.129812] Initializing cgroup subsys memory
[    0.130587] Initializing cgroup subsys devices
[    0.131370] Initializing cgroup subsys freezer
[    0.132192] Initializing cgroup subsys net_cls
[    0.133018] Initializing cgroup subsys perf_event
[    0.133843] Initializing cgroup subsys net_prio
[    0.134642] Initializing cgroup subsys hugetlb
[    0.135425] Initializing cgroup subsys pids
[    0.137839] mce: CPU supports 0 MCE banks
[    0.138588] Last level iTLB entries: 4KB 64, 2MB 8, 4MB 8
[    0.139498] Last level dTLB entries: 4KB 64, 2MB 0, 4MB 0, 1GB 4
[    0.140532] Spectre V2 : Mitigation: Full generic retpoline
[    0.141467] Spectre V2 : Spectre v2 / SpectreRSB mitigation: Filling RSB on context switch
[    0.142907] Speculative Store Bypass: Vulnerable
[    0.143804] MDS: Mitigation: Clear CPU buffers
[    0.147004] Freeing SMP alternatives memory: 36K
[    0.152836] ftrace: allocating 32299 entries in 127 pages
[    0.204304] smpboot: APIC(0) Converting physical 0 to logical package 0
[    0.205416] smpboot: Max logical packages: 1
[    0.206379] x2apic enabled
[    0.207132] Switched APIC routing to physical x2apic.
[    0.208953] ..TIMER: vector=0x30 apic1=0 pin1=2 apic2=-1 pin2=-1
[    0.315668] smpboot: CPU0: Intel(R) Core(TM) i7-7500U CPU @ 2.70GHz (family: 0x6, model: 0x8e, stepping: 0x9)
[    0.317513] Performance Events: unsupported p6 CPU model 142 no PMU driver, software events only.
[    0.327909] KVM setup paravirtual spinlock
[    0.329283] x86: Booting SMP configuration:
[    0.330041] .... node  #0, CPUs:      #1
[    0.330863] kvm-clock: cpu 1, msr 0:3ffe3041, secondary cpu clock
[    0.333063] mce: CPU supports 0 MCE banks
[    0.335446] x86: Booted up 1 node, 2 CPUs
[    0.336356] smpboot: Total of 2 processors activated (11616.00 BogoMIPS)
[    0.337831] devtmpfs: initialized
[    0.339855] evm: security.selinux
[    0.340516] evm: security.SMACK64
[    0.341155] evm: security.SMACK64EXEC
[    0.341837] evm: security.SMACK64TRANSMUTE
[    0.342577] evm: security.SMACK64MMAP
[    0.343258] evm: security.ima
[    0.343859] evm: security.capability
[    0.344718] clocksource: jiffies: mask: 0xffffffff max_cycles: 0xffffffff, max_idle_ns: 7645041785100000 ns
[    0.346364] futex hash table entries: 512 (order: 3, 32768 bytes)
[    0.347503] pinctrl core: initialized pinctrl subsystem
[    0.348499] RTC time: 16:50:14, date: 07/04/19
[    0.349488] NET: Registered protocol family 16
[    0.359368] cpuidle: using governor ladder
[    0.371441] cpuidle: using governor menu
[    0.372179] PCCT header not found.
[    0.372898] ACPI: bus type PCI registered
[    0.373628] acpiphp: ACPI Hot Plug PCI Controller Driver version: 0.5
[    0.374757] PCI: Using configuration type 1 for base access
[    0.388336] ACPI: Added _OSI(Module Device)
[    0.389099] ACPI: Added _OSI(Processor Device)
[    0.389900] ACPI: Added _OSI(3.0 _SCP Extensions)
[    0.390724] ACPI: Added _OSI(Processor Aggregator Device)
[    0.392202] ACPI: Executed 1 blocks of module-level executable AML code
[    0.394982] ACPI: Interpreter enabled
[    0.395687] ACPI: (supports S0 S5)
[    0.396351] ACPI: Using IOAPIC for interrupt routing
[    0.397332] PCI: Using host bridge windows from ACPI; if necessary, use "pci=nocrs" and report a bug
[    0.401586] ACPI: PCI Root Bridge [PCI0] (domain 0000 [bus 00-ff])
[    0.402609] acpi PNP0A03:00: _OSC: OS supports [ASPM ClockPM Segments MSI]
[    0.403988] acpi PNP0A03:00: _OSC: not requesting OS control; OS requires [ExtendedConfig ASPM ClockPM MSI]
[    0.405643] acpi PNP0A03:00: fail to add MMCONFIG information, can't access extended PCI configuration space under this bridge.
[    0.407739] PCI host bridge to bus 0000:00
[    0.408483] pci_bus 0000:00: root bus resource [io  0x0000-0x0cf7 window]
[    0.409579] pci_bus 0000:00: root bus resource [io  0x0d00-0xffff window]
[    0.410677] pci_bus 0000:00: root bus resource [mem 0x000a0000-0x000bffff window]
[    0.412050] pci_bus 0000:00: root bus resource [mem 0x40000000-0xfdffffff window]
[    0.413400] pci_bus 0000:00: root bus resource [bus 00-ff]
[    0.415612] pci 0000:00:01.1: legacy IDE quirk: reg 0x10: [io  0x01f0-0x01f7]
[    0.416755] pci 0000:00:01.1: legacy IDE quirk: reg 0x14: [io  0x03f6]
[    0.417816] pci 0000:00:01.1: legacy IDE quirk: reg 0x18: [io  0x0170-0x0177]
[    0.418958] pci 0000:00:01.1: legacy IDE quirk: reg 0x1c: [io  0x0376]
[    0.434444] pci 0000:00:07.0: quirk: [io  0x4000-0x403f] claimed by PIIX4 ACPI
[    0.443657] pci 0000:00:07.0: quirk: [io  0x4100-0x410f] claimed by PIIX4 SMB
[    0.453394] ACPI: PCI Interrupt Link [LNKA] (IRQs 5 9 10 *11)
[    0.454853] ACPI: PCI Interrupt Link [LNKB] (IRQs 5 9 *10 11)
[    0.456170] ACPI: PCI Interrupt Link [LNKC] (IRQs 5 *9 10 11)
[    0.457478] ACPI: PCI Interrupt Link [LNKD] (IRQs 5 9 10 *11)
[    0.458829] ACPI: Enabled 2 GPEs in block 00 to 07
[    0.459898] vgaarb: setting as boot device: PCI:0000:00:02.0
[    0.460694] vgaarb: device added: PCI:0000:00:02.0,decodes=io+mem,owns=io+mem,locks=none
[    0.461904] vgaarb: loaded
[    0.462494] vgaarb: bridge control possible 0000:00:02.0
[    0.463620] SCSI subsystem initialized
[    0.464430] ACPI: bus type USB registered
[    0.465177] usbcore: registered new interface driver usbfs
[    0.466107] usbcore: registered new interface driver hub
[    0.467030] usbcore: registered new device driver usb
[    0.468122] PCI: Using ACPI for IRQ routing
[    0.469114] NetLabel: Initializing
[    0.469765] NetLabel:  domain hash size = 128
[    0.470540] NetLabel:  protocols = UNLABELED CIPSOv4
[    0.471816] NetLabel:  unlabeled traffic allowed by default
[    0.472941] amd_nb: Cannot enumerate AMD northbridges
[    0.473884] clocksource: Switched to clocksource kvm-clock
[    0.480209] AppArmor: AppArmor Filesystem Enabled
[    0.481113] pnp: PnP ACPI init
[    0.482323] pnp: PnP ACPI: found 3 devices
[    0.491045] clocksource: acpi_pm: mask: 0xffffff max_cycles: 0xffffff, max_idle_ns: 2085701024 ns
[    0.492620] NET: Registered protocol family 2
[    0.493581] TCP established hash table entries: 8192 (order: 4, 65536 bytes)
[    0.494751] TCP bind hash table entries: 8192 (order: 5, 131072 bytes)
[    0.495879] TCP: Hash tables configured (established 8192 bind 8192)
[    0.496927] UDP hash table entries: 512 (order: 2, 16384 bytes)
[    0.497909] UDP-Lite hash table entries: 512 (order: 2, 16384 bytes)
[    0.499003] NET: Registered protocol family 1
[    0.499788] pci 0000:00:00.0: Limiting direct PCI/PCI transfers
[    0.500778] pci 0000:00:01.0: Activating ISA DMA hang workarounds
[    0.501891] Unpacking initramfs...
[    0.674715] Freeing initrd memory: 14824K
[    0.675632] clocksource: tsc: mask: 0xffffffffffffffff max_cycles: 0x29dc05e54fc, max_idle_ns: 440795291716 ns
[    0.677342] platform rtc_cmos: registered platform RTC device (no PNP device found)
[    0.678760] Scanning for low memory corruption every 60 seconds
[    0.679909] audit: initializing netlink subsys (disabled)
[    0.680694] audit: type=2000 audit(1562259019.647:1): initialized
[    0.681737] Initialise system trusted keyring
[    0.682553] HugeTLB registered 2 MB page size, pre-allocated 0 pages
[    0.684445] zbud: loaded
[    0.685241] VFS: Disk quotas dquot_6.6.0
[    0.685895] VFS: Dquot-cache hash table entries: 512 (order 0, 4096 bytes)
[    0.687044] squashfs: version 4.0 (2009/01/31) Phillip Lougher
[    0.688090] fuse init (API version 7.23)
[    0.688835] Key type big_key registered
[    0.689456] Allocating IMA MOK and blacklist keyrings.
[    0.691064] Key type asymmetric registered
[    0.691705] Asymmetric key parser 'x509' registered
[    0.692458] Block layer SCSI generic (bsg) driver version 0.4 loaded (major 249)
[    0.693648] io scheduler noop registered
[    0.694307] io scheduler deadline registered (default)
[    0.695099] io scheduler cfq registered
[    0.695790] pci_hotplug: PCI Hot Plug PCI Core version: 0.5
[    0.696581] pciehp: PCI Express Hot Plug Controller Driver version: 0.4
[    0.697568] ACPI: AC Adapter [AC] (on-line)
[    0.698305] input: Power Button as /devices/LNXSYSTM:00/LNXPWRBN:00/input/input0
[    0.701393] ACPI: Power Button [PWRF]
[    0.702069] input: Sleep Button as /devices/LNXSYSTM:00/LNXSLPBN:00/input/input1
[    0.703211] ACPI: Sleep Button [SLPF]
[    0.703982] GHES: HEST is not enabled!
[    0.704771] ACPI: Battery Slot [BAT0] (battery present)
[    0.707387] Serial: 8250/16550 driver, 32 ports, IRQ sharing enabled
[    0.728973] 00:02: ttyS0 at I/O 0x3f8 (irq = 4, base_baud = 115200) is a 16550A
[    0.732420] Linux agpgart interface v0.103
[    0.734528] loop: module loaded
[    0.735706] scsi host0: ata_piix
[    0.736511] scsi host1: ata_piix
[    0.737155] ata1: PATA max UDMA/33 cmd 0x1f0 ctl 0x3f6 bmdma 0xd000 irq 14
[    0.738259] ata2: PATA max UDMA/33 cmd 0x170 ctl 0x376 bmdma 0xd008 irq 15
[    0.739412] libphy: Fixed MDIO Bus: probed
[    0.740173] tun: Universal TUN/TAP device driver, 1.6
[    0.741026] tun: (C) 1999-2004 Max Krasnyansky <maxk@qualcomm.com>
[    0.742137] PPP generic driver version 2.4.2
[    0.743007] ehci_hcd: USB 2.0 'Enhanced' Host Controller (EHCI) Driver
[    0.744051] ehci-pci: EHCI PCI platform driver
[    0.744833] ehci-platform: EHCI generic platform driver
[    0.745708] ohci_hcd: USB 1.1 'Open' Host Controller (OHCI) Driver
[    0.746730] ohci-pci: OHCI PCI platform driver
[    0.747509] ohci-platform: OHCI generic platform driver
[    0.748387] uhci_hcd: USB Universal Host Controller Interface driver
[    0.749443] i8042: PNP: PS/2 Controller [PNP0303:PS2K,PNP0f03:PS2M] at 0x60,0x64 irq 1,12
[    0.751271] serio: i8042 KBD port at 0x60,0x64 irq 1
[    0.752119] serio: i8042 AUX port at 0x60,0x64 irq 12
[    0.754011] mousedev: PS/2 mouse device common for all mice
[    0.756088] input: AT Translated Set 2 keyboard as /devices/platform/i8042/serio0/input/input2
[    0.757892] rtc_cmos rtc_cmos: rtc core: registered rtc_cmos as rtc0
[    0.758958] rtc_cmos rtc_cmos: alarms up to one day, 114 bytes nvram
[    0.759981] i2c /dev entries driver
[    0.760682] device-mapper: uevent: version 1.0.3
[    0.761592] device-mapper: ioctl: 4.34.0-ioctl (2015-10-28) initialised: dm-devel@redhat.com
[    0.763181] ledtrig-cpu: registered to indicate activity on CPUs
[    0.764515] NET: Registered protocol family 10
[    0.765401] NET: Registered protocol family 17
[    0.766119] Key type dns_resolver registered
[    0.767151] registered taskstats version 1
[    0.767905] Loading compiled-in X.509 certificates
[    0.769204] Loaded X.509 cert 'Build time autogenerated kernel key: 65139e04a67245b562a838c28b5e7032abdd4348'
[    0.770892] zswap: loaded using pool lzo/zbud
[    0.772934] Key type trusted registered
[    0.776050] Key type encrypted registered
[    0.776700] AppArmor: AppArmor sha1 policy hashing enabled
[    0.777482] ima: No TPM chip found, activating TPM-bypass!
[    0.778312] ima: Allocated hash algorithm: sha1
[    0.779017] evm: HMAC attrs: 0x1
[    0.779838]   Magic number: 11:789:842
[    0.780505] rtc_cmos rtc_cmos: setting system clock to 2019-07-04 16:50:15 UTC (1562259015)
[    0.781828] BIOS EDD facility v0.16 2004-Jun-25, 0 devices found
[    0.782710] EDD information not available.
[    0.897679] Freeing unused kernel memory: 1484K
[    0.900996] Write protecting the kernel read-only data: 14336k
[    0.906148] Freeing unused kernel memory: 1616K
[    0.910322] Freeing unused kernel memory: 68K
Loading, please wait...
starting version 229
[    0.945290] random: systemd-udevd: uninitialized urandom read (16 bytes read, 1 bits of entropy available)
[    0.947360] random: systemd-udevd: uninitialized urandom read (16 bytes read, 1 bits of entropy available)
[    0.949120] random: systemd-udevd: uninitialized urandom read (16 bytes read, 1 bits of entropy available)
[    0.951013] random: udevadm: uninitialized urandom read (16 bytes read, 1 bits of entropy available)
[    0.951040] random: udevadm: uninitialized urandom read (16 bytes read, 1 bits of entropy available)
[    0.955370] random: systemd-udevd: uninitialized urandom read (16 bytes read, 1 bits of entropy available)
[    0.958580] random: systemd-udevd: uninitialized urandom read (16 bytes read, 1 bits of entropy available)
[    0.960532] random: systemd-udevd: uninitialized urandom read (16 bytes read, 1 bits of entropy available)
[    0.961064] random: udevadm: uninitialized urandom read (16 bytes read, 1 bits of entropy available)
[    0.961115] random: udevadm: uninitialized urandom read (16 bytes read, 1 bits of entropy available)
[    1.000388] e1000: Intel(R) PRO/1000 Network Driver - version 7.3.21-k8-NAPI
[    1.001703] e1000: Copyright (c) 1999-2006 Intel Corporation.
[    1.002938] Fusion MPT base driver 3.04.20
[    1.003889] Copyright (c) 1999-2008 LSI Corporation
[    1.020843] Fusion MPT SPI Host driver 3.04.20
[    1.025569] AVX2 version of gcm_enc/dec engaged.
[    1.026460] AES CTR mode by8 optimization enabled
[    1.220053] input: ImExPS/2 Generic Explorer Mouse as /devices/platform/i8042/serio1/input/input4
[    1.349145] e1000 0000:00:03.0 eth0: (PCI:33MHz:32-bit) 02:bd:e0:5c:30:55
[    1.350317] e1000 0000:00:03.0 eth0: Intel(R) PRO/1000 Network Connection
[    1.352022] mptbase: ioc0: Initiating bringup
[    1.414419] ioc0: LSI53C1030 A0: Capabilities={Initiator}
[    1.584029] scsi host2: ioc0: LSI53C1030 A0, FwRev=00000000h, Ports=1, MaxQ=256, IRQ=20
[    1.704264] scsi 2:0:0:0: Direct-Access     VBOX     HARDDISK         1.0  PQ: 0 ANSI: 5
[    1.710662] scsi target2:0:0: Beginning Domain Validation
[    1.717784] scsi target2:0:0: Domain Validation skipping write tests
[    1.722531] scsi target2:0:0: Ending Domain Validation
[    1.726662] scsi target2:0:0: asynchronous
[    1.734408] scsi 2:0:1:0: Direct-Access     VBOX     HARDDISK         1.0  PQ: 0 ANSI: 5
[    1.740103] scsi target2:0:1: Beginning Domain Validation
[    1.744420] scsi target2:0:1: Domain Validation skipping write tests
[    1.746843] scsi target2:0:1: Ending Domain Validation
[    1.750007] scsi target2:0:1: asynchronous
[    1.763073] sd 2:0:0:0: Attached scsi generic sg0 type 0
[    1.764395] sd 2:0:0:0: [sda] 20971520 512-byte logical blocks: (10.7 GB/10.0 GiB)
[    1.776609] sd 2:0:1:0: Attached scsi generic sg1 type 0
[    1.777651] sd 2:0:1:0: [sdb] 20480 512-byte logical blocks: (10.5 MB/10.0 MiB)
[    1.779206] sd 2:0:1:0: [sdb] Write Protect is off
[    1.780061] sd 2:0:0:0: [sda] Write Protect is off
[    1.780960] sd 2:0:1:0: [sdb] Incomplete mode parameter data
[    1.781890] sd 2:0:1:0: [sdb] Assuming drive cache: write through
[    1.782961] sd 2:0:0:0: [sda] Incomplete mode parameter data
[    1.783936] sd 2:0:0:0: [sda] Assuming drive cache: write through
[    1.838975]  sda: sda1
[    1.840274] sd 2:0:1:0: [sdb] Attached SCSI disk
[    1.841404] sd 2:0:0:0: [sda] Attached SCSI disk
[    2.051176] e1000 0000:00:08.0 eth1: (PCI:33MHz:32-bit) 08:00:27:9f:17:fe
[    2.052561] e1000 0000:00:08.0 eth1: Intel(R) PRO/1000 Network Connection
[    2.054510] e1000 0000:00:03.0 enp0s3: renamed from eth0
[    2.066122] e1000 0000:00:08.0 enp0s8: renamed from eth1
Begin: Loading essential drivers ... [    3.383218] md: linear personality registered for level -1
[    3.386036] md: multipath personality registered for level -4
[    3.388727] md: raid0 personality registered for level 0
[    3.392236] md: raid1 personality registered for level 1
[    3.461905] raid6: sse2x1   gen() 12132 MB/s
[    3.529911] raid6: sse2x1   xor()  8541 MB/s
[    3.597918] raid6: sse2x2   gen() 14958 MB/s
[    3.665914] raid6: sse2x2   xor() 10412 MB/s
[    3.733920] raid6: sse2x4   gen() 17044 MB/s
[    3.801911] raid6: sse2x4   xor() 11443 MB/s
[    3.869908] raid6: avx2x1   gen() 24297 MB/s
[    3.937910] raid6: avx2x2   gen() 27536 MB/s
[    4.005910] raid6: avx2x4   gen() 30542 MB/s
[    4.006606] raid6: using algorithm avx2x4 gen() 30542 MB/s
[    4.007378] raid6: using avx2x2 recovery algorithm
[    4.009171] xor: automatically using best checksumming function:
[    4.072747]    avx       : 65481.000 MB/sec
[    4.074565] async_tx: api initialized (async)
[    4.082895] md: raid6 personality registered for level 6
[    4.083713] md: raid5 personality registered for level 5
[    4.084474] md: raid4 personality registered for level 4
[    4.090261] md: raid10 personality registered for level 10
done.
Begin: Running /scripts/init-premount ... done.
Begin: Mounting root file system ... Begin: Running /scripts/local-top ... done.
Begin: Running /scripts/local-premount ... [    4.114210] Btrfs loaded
Scanning for Btrfs filesystems
done.
Warning: fsck not present, so skipping root file system
[    4.202275] EXT4-fs (sda1): mounted filesystem with ordered data mode. Opts: (null)
done.
Begin: Running /scripts/local-bottom ... done.
Begin: Running /scripts/init-bottom ... done.
[    4.845362] systemd[1]: systemd 229 running in system mode. (+PAM +AUDIT +SELINUX +IMA +APPARMOR +SMACK +SYSVINIT +UTMP +LIBCRYPTSETUP +GCRYPT +GNUTLS +ACL +XZ -LZ4 +SECCOMP +BLKID +ELFUTILS +KMOD -IDN)
[    4.857478] systemd[1]: Detected virtualization oracle.
[    4.860121] systemd[1]: Detected architecture x86-64.

Welcome to [1mUbuntu 16.04.6 LTS[0m!

[    4.898702] systemd[1]: Set hostname to <ubuntu>.
[    4.933010] systemd[1]: Initializing machine ID from random generator.
[    4.937200] systemd[1]: Installed transient /etc/machine-id file.
[    5.428586] random: nonblocking pool is initialized
[    5.917349] systemd[1]: Listening on udev Kernel Socket.
[[0;32m  OK  [0m] Listening on udev Kernel Socket.
[    5.923221] systemd[1]: Reached target User and Group Name Lookups.
[[0;32m  OK  [0m] Reached target User and Group Name Lookups.
[    5.927854] systemd[1]: Listening on Journal Socket.
[[0;32m  OK  [0m] Listening on Journal Socket.
[    5.930739] systemd[1]: Reached target System Time Synchronized.
[[0;32m  OK  [0m] Reached target System Time Synchronized.
[    5.933731] systemd[1]: Listening on Syslog Socket.
[[0;32m  OK  [0m] Listening on Syslog Socket.
[    5.936124] systemd[1]: Started Trigger resolvconf update for networkd DNS.
[[0;32m  OK  [0m] Started Trigger resolvconf update for networkd DNS.
[    5.938917] systemd[1]: Listening on udev Control Socket.
[[0;32m  OK  [0m] Listening on udev Control Socket.
[    5.941371] systemd[1]: Created slice User and Session Slice.
[[0;32m  OK  [0m] Created slice User and Session Slice.
[    5.943554] systemd[1]: Set up automount Arbitrary Executable File Formats File System Automount Point.
[[0;32m  OK  [0m] Set up automount Arbitrary Executab...ats File System Automount Point.
[    5.946453] systemd[1]: Listening on Journal Socket (/dev/log).
[[0;32m  OK  [0m] Listening on Journal Socket (/dev/log).
[    5.948258] systemd[1]: Listening on /dev/initctl Compatibility Named Pipe.
[[0;32m  OK  [0m] Listening on /dev/initctl Compatibility Named Pipe.
[    5.950137] systemd[1]: Reached target Swap.
[[0;32m  OK  [0m] Reached target Swap.
[    5.951492] systemd[1]: Listening on LVM2 poll daemon socket.
[[0;32m  OK  [0m] Listening on LVM2 poll daemon socket.
[    5.953107] systemd[1]: Listening on Device-mapper event daemon FIFOs.
[[0;32m  OK  [0m] Listening on Device-mapper event daemon FIFOs.
[    5.954849] systemd[1]: Reached target Encrypted Volumes.
[[0;32m  OK  [0m] Reached target Encrypted Volumes.
[    5.956315] systemd[1]: Listening on LVM2 metadata daemon socket.
[[0;32m  OK  [0m] Listening on LVM2 metadata daemon socket.
[    5.957986] systemd[1]: Started Forward Password Requests to Wall Directory Watch.
[[0;32m  OK  [0m] Started Forward Password Requests to Wall Directory Watch.
[    5.960251] systemd[1]: Created slice System Slice.
[[0;32m  OK  [0m] Created slice System Slice.
[    5.973965] systemd[1]: Mounting POSIX Message Queue File System...
         Mounting POSIX Message Queue File System...
[    5.975969] systemd[1]: Created slice system-serial\x2dgetty.slice.
[[0;32m  OK  [0m] Created slice system-serial\x2dgetty.slice.
[    5.978223] systemd[1]: Starting Create list of required static device nodes for the current kernel...
         Starting Create list of required st... nodes for the current kernel...
[    5.981126] systemd[1]: Starting Uncomplicated firewall...
         Starting Uncomplicated firewall...
[    5.983085] systemd[1]: Starting Set console keymap...
         Starting Set console keymap...
[    5.984950] systemd[1]: Mounting Huge Pages File System...
         Mounting Huge Pages File System...
[    5.986842] systemd[1]: Mounting Debug File System...
         Mounting Debug File System...
[    5.988318] systemd[1]: Reached target Slices.
[[0;32m  OK  [0m] Reached target Slices.
[    5.990312] systemd[1]: Starting Remount Root and Kernel File Systems...
         Starting Remount Root and Kernel File Systems...
[    5.992812] systemd[1]: Starting Nameserver information manager...
         Starting Nameserver information manager...
[    6.018685] EXT4-fs (sda1): re-mounted. Opts: (null)
[    6.042089] systemd[1]: Starting Monitoring of LVM2 mirrors, snapshots etc. using dmeventd or progress polling...
         Starting Monitoring of LVM2 mirrors... dmeventd or progress polling...
[    6.078402] systemd[1]: Starting Load Kernel Modules...
         Starting Load Kernel Modules...
[    6.082489] systemd[1]: Listening on Journal Audit Socket.
[[0;32m  OK  [0m] Listening on Journal Audit Socket.
[    6.088807] systemd[1]: Starting Journal Service...
         Starting Journal Service...
[    6.098152] systemd[1]: Mounted Debug File System.
[[0;32m  OK  [0m] Mounted Debug File System.
[    6.102747] systemd[1]: Mounted Huge Pages File System.
[[0;32m  OK  [0m] Mounted Huge Pages File System.
[    6.108830] systemd[1]: Mounted POSIX Message Queue File System.
[[0;32m  OK  [0m] Mounted POSIX Message Queue File System.
[    6.113435] systemd[1]: Started Create list of required static device nodes for the current kernel.
[[0;32m  OK  [0m] Started Create list of required sta...ce nodes for the current kernel.
[    6.118536] systemd[1]: Started Uncomplicated firewall.
[[0;32m  OK  [0m] Started Uncomplicated firewall.
[    6.121414] systemd[1]: Started Remount Root and Kernel File Systems.
[[0;32m  OK  [0m] Started Remount Root and Kernel File Systems.
[    6.154292] systemd[1]: Started Set console keymap.
[[0;32m  OK  [0m] Started Set console keymap.
[    6.222317] systemd[1]: Starting udev Coldplug all Devices...
         Starting udev Coldplug all Devices...
[    6.226101] systemd[1]: Starting Load/Save Random Seed...
         Starting Load/Save Random Seed...
[    6.229796] systemd[1]: Starting Create Static Device Nodes in /dev...
         Starting Create Static Device Nodes in /dev...
[    6.234316] systemd[1]: Started Nameserver information manager.
[[0;32m  OK  [0m] Started Nameserver information manager.
[    6.304239] systemd[1]: Started Load/Save Random Seed.
[[0;32m  OK  [0m] Started Load/Save Random Seed.
[    6.328531] Loading iSCSI transport class v2.0-870.
[    6.399186] iscsi: registered transport (tcp)
[    6.406312] systemd[1]: Started LVM2 metadata daemon.
[[0;32m  OK  [0m] Started LVM2 metadata daemon.
[    6.435171] systemd[1]: Started udev Coldplug all Devices.
[[0;32m  OK  [0m] Started udev Coldplug all Devices.
[    6.512270] systemd[1]: Started Journal Service.
[[0;32m  OK  [0m] Started Journal Service.
         Starting Flush Journal to Persistent Storage...
[    6.614800] systemd-journald[403]: Received request to flush runtime journal from PID 1
[    6.653094] iscsi: registered transport (iser)
[[0;32m  OK  [0m] Started Load Kernel Modules.
         Starting Apply Kernel Variables...
         Mounting FUSE Control File System...
[[0;32m  OK  [0m] Mounted FUSE Control File System.
[[0;32m  OK  [0m] Started Flush Journal to Persistent Storage.
[[0;32m  OK  [0m] Started Apply Kernel Variables.
[[0;32m  OK  [0m] Started Create Static Device Nodes in /dev.
         Starting udev Kernel Device Manager...
[[0;32m  OK  [0m] Started Monitoring of LVM2 mirrors,...ng dmeventd or progress polling.
[[0;32m  OK  [0m] Reached target Local File Systems (Pre).
[[0;32m  OK  [0m] Reached target Local File Systems.
         Starting LSB: AppArmor initialization...
         Starting Create Volatile Files and Directories...
         Starting Commit a transient machine-id on disk...
         Starting Tell Plymouth To Write Out Runtime Data...
         Starting Initial cloud-init job (pre-networking)...
         Starting Set console font and keymap...
[[0;32m  OK  [0m] Started Commit a transient machine-id on disk.
[[0;32m  OK  [0m] Started Tell Plymouth To Write Out Runtime Data.
[[0;32m  OK  [0m] Started Create Volatile Files and Directories.
         Starting Update UTMP about System Boot/Shutdown...
[[0;32m  OK  [0m] Started Update UTMP about System Boot/Shutdown.
[[0;32m  OK  [0m] Started udev Kernel Device Manager.
[[0;32m  OK  [0m] Started Dispatch Password Requests to Console Directory Watch.
[[0;32m  OK  [0m] Started Set console font and keymap.
[[0;32m  OK  [0m] Created slice system-getty.slice.
[[0;32m  OK  [0m] Found device /dev/ttyS0.
[[0;32m  OK  [0m] Listening on Load/Save RF Kill Switch Status /dev/rfkill Watch.
[[0;32m  OK  [0m] Started LSB: AppArmor initialization.
[   12.392254] cloud-init[479]: Cloud-init v. 19.1-1-gbaa47854-0ubuntu1~16.04.1 running 'init-local' at Thu, 04 Jul 2019 16:50:26 +0000. Up 11.77 seconds.
[[0;32m  OK  [0m] Started Initial cloud-init job (pre-networking).
[[0;32m  OK  [0m] Reached target Network (Pre).
         Starting Raise network interfaces...
[[0;32m  OK  [0m] Started Raise network interfaces.
[[0;32m  OK  [0m] Reached target Network.
         Starting Initial cloud-init job (metadata service crawler)...
[   14.181863] cloud-init[965]: Cloud-init v. 19.1-1-gbaa47854-0ubuntu1~16.04.1 running 'init' at Thu, 04 Jul 2019 16:50:27 +0000. Up 12.98 seconds.
[   14.183390] cloud-init[965]: ci-info: ++++++++++++++++++++++++++++++++++++++Net device info+++++++++++++++++++++++++++++++++++++++
[   14.184776] cloud-init[965]: ci-info: +--------+-------+----------------------------+---------------+--------+-------------------+
[   14.186658] cloud-init[965]: ci-info: | Device |   Up  |          Address           |      Mask     | Scope  |     Hw-Address    |
[   14.188277] cloud-init[965]: ci-info: +--------+-------+----------------------------+---------------+--------+-------------------+
[   14.190070] cloud-init[965]: ci-info: | enp0s3 |  True |         10.0.2.15          | 255.255.255.0 | global | 02:bd:e0:5c:30:55 |
[   14.191854] cloud-init[965]: ci-info: | enp0s3 |  True | fe80::bd:e0ff:fe5c:3055/64 |       .       |  link  | 02:bd:e0:5c:30:55 |
[   14.193637] cloud-init[965]: ci-info: | enp0s8 | False |             .              |       .       |   .    | 08:00:27:9f:17:fe |
[   14.195398] cloud-init[965]: ci-info: |   lo   |  True |         127.0.0.1          |   255.0.0.0   |  host  |         .         |
[   14.197059] cloud-init[965]: ci-info: |   lo   |  True |          ::1/128           |       .       |  host  |         .         |
[   14.198946] cloud-init[965]: ci-info: +--------+-------+----------------------------+---------------+--------+-------------------+
[   14.201009] cloud-init[965]: ci-info: +++++++++++++++++++++++++++Route IPv4 info++++++++++++++++++++++++++++
[   14.202605] cloud-init[965]: ci-info: +-------+-------------+----------+---------------+-----------+-------+
[   14.204016] cloud-init[965]: ci-info: | Route | Destination | Gateway  |    Genmask    | Interface | Flags |
[   14.205681] cloud-init[965]: ci-info: +-------+-------------+----------+---------------+-----------+-------+
[   14.207242] cloud-init[965]: ci-info: |   0   |   0.0.0.0   | 10.0.2.2 |    0.0.0.0    |   enp0s3  |   UG  |
[   14.208851] cloud-init[965]: ci-info: |   1   |   10.0.2.0  | 0.0.0.0  | 255.255.255.0 |   enp0s3  |   U   |
[   14.210498] cloud-init[965]: ci-info: +-------+-------------+----------+---------------+-----------+-------+
[   14.212149] cloud-init[965]: ci-info: +++++++++++++++++++Route IPv6 info+++++++++++++++++++
[   14.221251] cloud-init[965]: ci-info: +-------+-------------+---------+-----------+-------+
[   14.222321] cloud-init[965]: ci-info: | Route | Destination | Gateway | Interface | Flags |
[   14.223403] cloud-init[965]: ci-info: +-------+-------------+---------+-----------+-------+
[   14.224528] cloud-init[965]: ci-info: |   0   |  fe80::/64  |    ::   |   enp0s3  |   U   |
[   14.225588] cloud-init[965]: ci-info: |   3   |   ff00::/8  |    ::   |   enp0s3  |   U   |
[   14.226816] cloud-init[965]: ci-info: +-------+-------------+---------+-----------+-------+
[   14.227956] cloud-init[965]: Generating public/private rsa key pair.
[   14.229002] cloud-init[965]: Your identification has been saved in /etc/ssh/ssh_host_rsa_key.
[[0;32m  OK  [0m] Started Initial cloud-init job (metadata service crawler).
[[0;32m  OK  [0m] Reached target System Initialization.[   14.230390] cloud-init[965]: Your public key has been saved in /etc/ssh/ssh_host_rsa_key.pub.
[   14.232409] cloud-init[965]: The key fingerprint is:
[   14.232749] cloud-init[965]: SHA256:XfhL9eMx4KaeWkzgE/12NwcnY6bW3hSgsVwI9AF4jwM root@ubuntu-xenial
[   14.233113] cloud-init[965]: The key's randomart image is:
[   14.233351] cloud-init[965]: +---[RSA 2048]----+
[   14.233708] cloud-init[965]: |        o+oo.o   |

[   14.234866] cloud-init[965]: |       E .+o* .  |
[   14.235881] cloud-init[965]: |        oo+*..B..|
[   14.235940] cloud-init[965]: |        .+o+o*.*.|
[[0;32m  OK  [0m] Listening on D-Bus System Message Bus Socket.
[   14.236007] cloud-init[965]: |        Soo.==.*=|
[   14.244209] cloud-init[965]: |          +o+oooB|
[   14.244356] cloud-init[965]: |           +. ...|
[   14.244705] cloud-init[965]: |          o .    |
[   14.245062] cloud-init[965]: |         ..o     |
[   14.245422] cloud-init[965]: +----[SHA256]-----+
[   14.245782] cloud-init[965]: Generating public/private dsa key pair.
[   14.246178] cloud-init[965]: Your identification has been saved in /etc/ssh/ssh_host_dsa_key.
[   14.246535] cloud-init[965]: Your public key has been saved in /etc/ssh/ssh_host_dsa_key.pub.
[   14.246893] cloud-init[965]: The key fingerprint is:
[   14.247255] cloud-init[965]: SHA256:+wRZEG5v58DJxPQ6gc0wAw6s1D2a3FllGRMupKaiWD8 root@ubuntu-xenial
[   14.247614] cloud-init[965]: The key's randomart image is:
[   14.247970] cloud-init[965]: +---[DSA 1024]----+
[   14.248372] cloud-init[965]: |   o....BoB+     |
[   14.248725] cloud-init[965]: |  . ooo+.&.o     |
[   14.249083] cloud-init[965]: | . o +++= O .    |
[   14.249440] cloud-init[965]: |  . +oo. O +     |
[   14.249798] cloud-init[965]: |  o .   S X .    |
[[0;32m  OK  [0m] Started ACPI Events Check.
[   14.249957] cloud-init[965]: |.o o     + =     |
[   14.260202] cloud-init[965]: |o   E   . . .    |
[   14.260345] cloud-init[965]: |     .   o       |
[   14.260702] cloud-init[965]: |          .      |
[   14.260822] cloud-init[965]: +----[SHA256]-----+
[   14.261184] cloud-init[965]: Generating public/private ecdsa key pair.
[   14.261545] cloud-init[965]: Your identification has been saved in /etc/ssh/ssh_host_ecdsa_key.
[   14.261908] cloud-init[965]: Your public key has been saved in /etc/ssh/ssh_host_ecdsa_key.pub.
[   14.262279] cloud-init[965]: The key fingerprint is:
[   14.262627] cloud-init[965]: SHA256:OF+ecBsKeDTdhUNmbHNke/C1OPVToASiK18msRfVtUQ root@ubuntu-xenial
[   14.262986] cloud-init[965]: The key's randomart image is:
[   14.263344] cloud-init[965]: +---[ECDSA 256]---+
[   14.263701] cloud-init[965]: |        .o*=*oEoo|
[   14.264310] cloud-init[965]: |       o **+o*oo+|
[   14.264661] cloud-init[965]: |      = o..+oo+o.|
[   14.265015] cloud-init[965]: |     o * .   .. .|
[   14.265373] cloud-init[965]: |    o O S +      |
[   14.265729] cloud-init[965]: |     + O * +     |
[   14.266082] cloud-init[965]: |      . o +      |
[   14.266512] cloud-init[965]: |                 |
[   14.266923] cloud-init[965]: |                 |
[[   14.267313] [0;32m  OK  [0mcloud-init] [965]: Reached target Paths.+----[SHA256]-----+

[[   14.267361] cloud-init[965]: Generating public/private ed25519 key pair.
[   14.272230] cloud-init[965]: Your identification has been saved in /etc/ssh/ssh_host_ed25519_key.
[   14.272596] cloud-init[965]: Your public key has been saved in /etc/ssh/ssh_host_ed25519_key.pub.
[   14.273008] cloud-init[965]: The key fingerprint is:
[   14.273427] cloud-init[965]: SHA256:/w8kGMFi0L8QsdlyQ0DC8Q4eOWXOuMbMthWdZ0UEKp0 root@ubuntu-xenial
[   14.273847] cloud-init[965]: The key's randomart image is:
[   14.274276] cloud-init[965]: +--[ED25519 256]--+
[   14.274692] cloud-init[965]: |   .+=*+o .++    |
[   14.275113] cloud-init[965]: |    .X=B.= .     |
[   14.275558] cloud-init[965]: |    *.X+E o      |
[   14.275961] cloud-init[965]: |   = *.=.*       |
[   14.276392] cloud-init[965]: |    O o.S.. .    |
[0;32m  OK  [0m] Listening on UUID daemon activation socket.
[   14.276746] cloud-init[965]: |   o o  .. o     |
[   14.280753] cloud-init[965]: |    .     . .    |
[   14.280906] cloud-init[965]: |           . .   |
[   14.281280] cloud-init[965]: |            ...  |
[   14.281662] cloud-init[965]: +----[SHA256]-----+
[[0;32m  OK  [0m] Started Daily apt download activities.
         Starting Socket activation for snappy daemon.
[[0;32m  OK  [0m] Started Daily Cleanup of Temporary Directories.
         Starting LXD - unix socket.
[[0;32m  OK  [0m] Listening on ACPID Listen Socket.
[[0;32m  OK  [0m] Started Daily apt upgrade and clean activities.
[[0;32m  OK  [0m] Reached target Timers.
[[0;32m  OK  [0m] Reached target Network is Online.
         Starting iSCSI initiator daemon (iscsid)...
[[0;32m  OK  [0m] Reached target Cloud-config availability.
[[0;32m  OK  [0m] Listening on Socket activation for snappy daemon.
[[0;32m  OK  [0m] Listening on LXD - unix socket.
[[0;32m  OK  [0m] Reached target Sockets.
[[0;32m  OK  [0m] Reached target Basic System.
         Starting LSB: MD monitoring daemon...
         Starting Pollinate to seed the pseudo random number generator...
         Starting LXD - container startup/shutdown...
         Starting Accounts Service...
[[0;32m  OK  [0m] Started D-Bus System Message Bus.
[[0;32m  OK  [0m] Started ACPI event daemon.
         Starting Virtualbox guest utils...
         Starting System Logging Service...
[[0;32m  OK  [0m] Started Regular background program processing daemon.
         Starting /etc/rc.local Compatibility...
         Starting LSB: Record successful boot for GRUB...
[[0;32m  OK  [0m] Started Deferred execution scheduler.
[[0;32m  OK  [0m] Started FUSE filesystem for LXC.
         Starting Login Service...
         Starting Snappy daemon...
[[0;32m  OK  [0m] Started /etc/rc.local Compatibility.
[[0;32m  OK  [0m] Started iSCSI initiator daemon (iscsid).
         Starting Login to default iSCSI targets...
[[0;32m  OK  [0m] Started LSB: Record successful boot for GRUB.
[[0;32m  OK  [0m] Started Login Service.
[[0;32m  OK  [0m] Started Unattended Upgrades Shutdown.
[[0;32m  OK  [0m] Started LSB: MD monitoring daemon.
[[0;32m  OK  [0m] Started Login to default iSCSI targets.
[[0;32m  OK  [0m] Reached target Remote File Systems (Pre).
[[0;32m  OK  [0m] Reached target Remote File Systems.
         Starting LSB: Set the CPU Frequency Scaling governor to "ondemand"...
         Starting LSB: automatic crash report generation...
         Starting LSB: daemon to balance interrupts for SMP systems...
         Starting Permit User Sessions...
[[0;32m  OK  [0m] Started LSB: Set the CPU Frequency Scaling governor to "ondemand".
[[0;32m  OK  [0m] Started System Logging Service.
[[0;32m  OK  [0m] Started LSB: daemon to balance interrupts for SMP systems.
[[0;32m  OK  [0m] Started Permit User Sessions.
         Starting Hold until boot process finishes up...
         Starting Terminate Plymouth Boot Screen...
         Starting Authenticate and Authorize Users to Run Privileged Tasks...
[[0;32m  OK  [0m] Started Hold until boot process finishes up.
[[0;32m  OK  [0m] Started Serial Getty on ttyS0.
         Starting Set console scheme...
[[0;32m  OK  [0m] Started Getty on tty1.
[[0;32m  OK  [0m] Reached target Login Prompts.
[[0;32m  OK  [0m] Started Terminate Plymouth Boot Screen.
[[0;32m  OK  [0m] Started LSB: automatic crash report generation.
[[0;32m  OK  [0m] Started Virtualbox guest utils.
[[0;32m  OK  [0m] Started Set console scheme.
[[0;32m  OK  [0m] Started Authenticate and Authorize Users to Run Privileged Tasks.
[[0;32m  OK  [0m] Started Accounts Service.
[[0;32m  OK  [0m] Started LXD - container startup/shutdown.
[[0;32m  OK  [0m] Started Pollinate to seed the pseudo random number generator.
         Starting OpenBSD Secure Shell server...
[[0;32m  OK  [0m] Started OpenBSD Secure Shell server.
[[0;32m  OK  [0m] Started Snappy daemon.
         Starting Wait until snapd is fully seeded...
[[0;32m  OK  [0m] Created slice User Slice of vagrant.
         Starting User Manager for UID 1000...
[[0;32m  OK  [0m] Started Session 1 of user vagrant.
[[0;32m  OK  [0m] Started User Manager for UID 1000.

Ubuntu 16.04.6 LTS ubuntu-xenial ttyS0

ubuntu-xenial login: [   24.995115] cloud-init[1472]: Generating locales (this might take a while)...
[   25.821114] cloud-init[1472]:   en_US.UTF-8... done
[   25.821473] cloud-init[1472]: Generation complete.
[   27.260022] cloud-init[1472]: Cloud-init v. 19.1-1-gbaa47854-0ubuntu1~16.04.1 running 'modules:config' at Thu, 04 Jul 2019 16:50:39 +0000. Up 24.72 seconds.
ci-info: no authorized ssh keys fingerprints found for user ubuntu.
<14>Jul  4 16:50:42 ec2: 
<14>Jul  4 16:50:42 ec2: #############################################################
<14>Jul  4 16:50:42 ec2: -----BEGIN SSH HOST KEY FINGERPRINTS-----
<14>Jul  4 16:50:42 ec2: 1024 SHA256:+wRZEG5v58DJxPQ6gc0wAw6s1D2a3FllGRMupKaiWD8 root@ubuntu-xenial (DSA)
<14>Jul  4 16:50:42 ec2: 256 SHA256:OF+ecBsKeDTdhUNmbHNke/C1OPVToASiK18msRfVtUQ root@ubuntu-xenial (ECDSA)
<14>Jul  4 16:50:42 ec2: 256 SHA256:/w8kGMFi0L8QsdlyQ0DC8Q4eOWXOuMbMthWdZ0UEKp0 root@ubuntu-xenial (ED25519)
<14>Jul  4 16:50:42 ec2: 2048 SHA256:XfhL9eMx4KaeWkzgE/12NwcnY6bW3hSgsVwI9AF4jwM root@ubuntu-xenial (RSA)
<14>Jul  4 16:50:42 ec2: -----END SSH HOST KEY FINGERPRINTS-----
<14>Jul  4 16:50:42 ec2: #############################################################
-----BEGIN SSH HOST KEY KEYS-----
ecdsa-sha2-nistp256 AAAAE2VjZHNhLXNoYTItbmlzdHAyNTYAAAAIbmlzdHAyNTYAAABBBLtleSEL+/k6nG2XJM06B0xfwXtcuRn0Ynkv5M2jGy1ob5ThshrgwQsyu4wftUQpEsb5Hr4h4DqLTvb+WVc9aVk= root@ubuntu-xenial
ssh-ed25519 AAAAC3NzaC1lZDI1NTE5AAAAILbcB5cdOhXjYb+nHMVdVSUuBL95QWi0WfyzlkrkhTQD root@ubuntu-xenial
ssh-rsa AAAAB3NzaC1yc2EAAAADAQABAAABAQDi3K1isdj1NXM9DGiE2wGOzywkJ/qSxJumnPoB9o5DyZViwNO3fz+TRmI0Flz0hQsj/M27nAWQAlKDA8mSUZTQhjqdsi6opxCj2moPtnwXzGjFqQyenoq2XkFNHdllWYmcqj/xSUbeZ0c5jkzhMtpudJaU+2Crd+0FI08cgKmJy812sdPu8tW6/wddrX3Jg+8Wza7uLklI3GFQ7zMcHN7JEK54v5R1+kegCGY2gClSpS/g0T4jSAw1led1omqA2JXutrdLlHtKPJ/SAwzt4iEUFzwumQ4Wumi8wmx2fcCjwjeC3XG+/opkrSg+G2ZK1Wb4A6YMzuvxeUz5y0KAiEPl root@ubuntu-xenial
-----END SSH HOST KEY KEYS-----
[   27.736431] cloud-init[1722]: Cloud-init v. 19.1-1-gbaa47854-0ubuntu1~16.04.1 running 'modules:final' at Thu, 04 Jul 2019 16:50:42 +0000. Up 27.54 seconds.
[   27.736666] cloud-init[1722]: ci-info: no authorized ssh keys fingerprints found for user ubuntu.
[   27.737151] cloud-init[1722]: Cloud-init v. 19.1-1-gbaa47854-0ubuntu1~16.04.1 finished at Thu, 04 Jul 2019 16:50:42 +0000. Datasource DataSourceNoCloud [seed=/dev/sdb][dsmode=net].  Up 27.73 seconds
